// Jest Snapshot v1, https://goo.gl/fbAQLP

exports[`Author renders correctly 1`] = `
<div
  className="author"
>
  <p
    className="author__bio"
  >
    Test bio
    <a
      className="author__bio-linkedin"
      href="https://www.linkedin.com/in/undefined"
      rel="noopener noreferrer"
      target="_blank"
    >
      <strong>
        Test name
      </strong>
       on LinkedIn
    </a>
  </p>
  <form
    action="https://tinyletter.com/abeyep"
    className="author__form"
    method="post"
    onSubmit={[Function]}
    target="popupwindow"
  >
    <p
      className="author__form-header"
    >
      Let's stay in touch!
    </p>
    <p
      className="author__form-description"
    >
      Subscribe to my newsletter for updates.
    </p>
    <p>
      <label
        className="author__form-label"
        htmlFor="tlemail"
      >
        Email Address
      </label>
      <input
        className="author__form-input"
        id="tlemail"
        name="email"
        type="text"
      />
    </p>
    <input
      name="embed"
      type="hidden"
      value="1"
    />
    <input
      className="author__form-button"
      type="submit"
      value="Subscribe"
    />
  </form>
</div>
`;
